// Jest Snapshot v1, https://goo.gl/fbAQLP

exports[`Form test suite Should render all components correctly 1`] = `
<DocumentFragment>
  <form
    class="form"
    role="search"
  >
    <div
      class="form__line"
    >
      <label
        class="form__label"
        for="githubAccount"
      >
        Compte github
      </label>
      <div
        class="form__input-container"
      >
        <input
          aria-errormessage="githubAccountAlert"
          id="githubAccount"
          name="githubAccount"
          type="text"
          value="test"
        />
      </div>
    </div>
    <div
      class="form__line form__separator"
    >
      <span>
        Ou
      </span>
    </div>
    <div
      class="form__line"
    >
      <label
        class="form__label"
        for="username"
      >
        Nom d'utilisateur
      </label>
      <div
        class="form__input-container"
      >
        <input
          aria-errormessage="errorUsername"
          id="username"
          name="username"
          type="text"
          value="Jean"
        />
      </div>
    </div>
    <div
      class="form__line form__line--alone"
    >
      <button
        class="btn btn--search"
        type="button"
      >
        Rechercher
      </button>
    </div>
  </form>
  <div
    aria-label="liste comptes"
    class="user-list"
    role="list"
  >
    <div
      aria-label="carte utilisateur"
      class="user-card"
      role="listitem"
    >
      <a
        class="user-card__link"
        href="http://comptegithub.com"
      >
        <img
          alt="login1"
          class="user-card__avatar"
          src="http://avatar1.jpg"
        />
        <span
          class="user-card__login"
        >
          login1
        </span>
      </a>
    </div>
    <div
      aria-label="carte utilisateur"
      class="user-card"
      role="listitem"
    >
      <a
        class="user-card__link"
        href="http://comptegithub.com"
      >
        <img
          alt="login2"
          class="user-card__avatar"
          src="http://avatar2.jpg"
        />
        <span
          class="user-card__login"
        >
          login2
        </span>
      </a>
    </div>
    <div
      aria-label="carte utilisateur"
      class="user-card"
      role="listitem"
    >
      <a
        class="user-card__link"
        href="http://comptegithub.com"
      >
        <img
          alt="login3"
          class="user-card__avatar"
          src="http://avatar3.jpg"
        />
        <span
          class="user-card__login"
        >
          login3
        </span>
      </a>
    </div>
  </div>
</DocumentFragment>
`;
