// Jest Snapshot v1, https://goo.gl/fbAQLP

exports[`Message test suite renders correctly and contains message 1`] = `
<DocumentFragment>
  <div
    class="error-message"
    role="alert"
  >
    <span
      data-testid="mainMessage"
    >
      Une erreur est survenue
    </span>
    <button
      class="error-message__close"
      type="button"
    >
      X
    </button>
  </div>
</DocumentFragment>
`;
